[templates.hibootstrap.com/jaunt/default/index-2.html]
[backblue.gif]
[fade.gif]
[index.html]
[templates.hibootstrap.com/jaunt/default/assets/css/bootstrap.min.css]
[templates.hibootstrap.com/jaunt/default/assets/css/fontawesome.min.css]
[templates.hibootstrap.com/jaunt/default/assets/css/boxicons.min.css]
[templates.hibootstrap.com/jaunt/default/assets/css/animate.min.css]
[templates.hibootstrap.com/jaunt/default/assets/css/bootstrap-datepicker.min.css]
[templates.hibootstrap.com/jaunt/default/assets/css/nice-select.css]
[templates.hibootstrap.com/jaunt/default/assets/css/magnific-popup.min.css]
[templates.hibootstrap.com/jaunt/default/assets/css/owl.carousel.min.css]
[templates.hibootstrap.com/jaunt/default/assets/css/meanmenu.min.css]
[templates.hibootstrap.com/jaunt/default/assets/css/style.css]
[templates.hibootstrap.com/jaunt/default/assets/css/responsive.css]
[templates.hibootstrap.com/jaunt/default/assets/css/theme-dark.css]
[templates.hibootstrap.com/jaunt/default/assets/img/favicon.png]
[templates.hibootstrap.com/jaunt/default/assets/img/flag-uk.png]
[templates.hibootstrap.com/jaunt/default/assets/img/flag-germany.png]
[templates.hibootstrap.com/jaunt/default/assets/img/flag-jordan.png]
[templates.hibootstrap.com/jaunt/default/assets/img/flag-china.png]
[templates.hibootstrap.com/jaunt/default/index.html]
[templates.hibootstrap.com/jaunt/default/assets/img/logo1.png]
[templates.hibootstrap.com/jaunt/default/assets/img/logo2.png]
[templates.hibootstrap.com/jaunt/default/cart.html]
[templates.hibootstrap.com/jaunt/default/index-3.html]
[templates.hibootstrap.com/jaunt/default/team.html]
[templates.hibootstrap.com/jaunt/default/testimonials.html]
[templates.hibootstrap.com/jaunt/default/booking.html]
[templates.hibootstrap.com/jaunt/default/faq.html]
[templates.hibootstrap.com/jaunt/default/error-404.html]
[templates.hibootstrap.com/jaunt/default/coming-soon.html]
[templates.hibootstrap.com/jaunt/default/login.html]
[templates.hibootstrap.com/jaunt/default/register.html]
[templates.hibootstrap.com/jaunt/default/privacy-policy.html]
[templates.hibootstrap.com/jaunt/default/terms-of-service.html]
[templates.hibootstrap.com/jaunt/default/forgot-password.html]
[templates.hibootstrap.com/jaunt/default/destinations.html]
[templates.hibootstrap.com/jaunt/default/destination-details.html]
[templates.hibootstrap.com/jaunt/default/tours.html]
[templates.hibootstrap.com/jaunt/default/special-offers.html]
[templates.hibootstrap.com/jaunt/default/about-us.html]
[templates.hibootstrap.com/jaunt/default/blog-style-1.html]
[templates.hibootstrap.com/jaunt/default/blog-style-2.html]
[templates.hibootstrap.com/jaunt/default/blog-style-3.html]
[templates.hibootstrap.com/jaunt/default/blog-details.html]
[templates.hibootstrap.com/jaunt/default/contact.html]
[templates.hibootstrap.com/jaunt/default/assets/img/banner/banner1.png]
[templates.hibootstrap.com/jaunt/default/assets/img/banner/banner-bg.png]
[templates.hibootstrap.com/jaunt/default/assets/img/banner/banner2.png]
[templates.hibootstrap.com/jaunt/default/assets/img/destination7.jpg]
[templates.hibootstrap.com/jaunt/default/assets/img/destination8.jpg]
[templates.hibootstrap.com/jaunt/default/assets/img/destination9.jpg]
[templates.hibootstrap.com/jaunt/default/assets/img/about2.jpg]
[templates.hibootstrap.com/jaunt/default/assets/img/shape1.png]
[templates.hibootstrap.com/jaunt/default/assets/img/shape2.png]
[templates.hibootstrap.com/jaunt/default/assets/img/destination1.jpg]
[templates.hibootstrap.com/jaunt/default/assets/img/destination2.jpg]
[templates.hibootstrap.com/jaunt/default/assets/img/destination12.jpg]
[templates.hibootstrap.com/jaunt/default/assets/img/destination4.jpg]
[templates.hibootstrap.com/jaunt/default/assets/img/destination10.jpg]
[templates.hibootstrap.com/jaunt/default/assets/img/destination11.jpg]
[templates.hibootstrap.com/jaunt/default/assets/img/client1.jpg]
[templates.hibootstrap.com/jaunt/default/assets/img/client2.jpg]
[templates.hibootstrap.com/jaunt/default/assets/img/client3.jpg]
[templates.hibootstrap.com/jaunt/default/assets/img/client4.jpg]
[templates.hibootstrap.com/jaunt/default/assets/img/client5.jpg]
[templates.hibootstrap.com/jaunt/default/assets/img/tour/tour6.jpg]
[templates.hibootstrap.com/jaunt/default/assets/img/tour/tour7.jpg]
[templates.hibootstrap.com/jaunt/default/assets/img/tour/tour8.jpg]
[templates.hibootstrap.com/jaunt/default/assets/img/blog/blog5.jpg]
[templates.hibootstrap.com/jaunt/default/assets/img/blog/blog2.jpg]
[templates.hibootstrap.com/jaunt/default/assets/img/blog/blog6.jpg]
[templates.hibootstrap.com/jaunt/default/assets/img/instagram1.jpg]
[templates.hibootstrap.com/jaunt/default/assets/img/instagram2.jpg]
[templates.hibootstrap.com/jaunt/default/assets/img/instagram3.jpg]
[templates.hibootstrap.com/jaunt/default/assets/img/instagram4.jpg]
[templates.hibootstrap.com/jaunt/default/assets/img/instagram5.jpg]
[templates.hibootstrap.com/jaunt/default/assets/img/instagram6.jpg]
[templates.hibootstrap.com/cdn-cgi/scripts/5c5dd728/cloudflare-static/email-decode.min.js]
[templates.hibootstrap.com/jaunt/default/assets/js/jquery.min.js]
[templates.hibootstrap.com/jaunt/default/assets/js/bootstrap.bundle.min.js]
[templates.hibootstrap.com/jaunt/default/assets/js/bootstrap-datepicker.min.js]
[templates.hibootstrap.com/jaunt/default/assets/js/jquery.nice-select.min.js]
[templates.hibootstrap.com/jaunt/default/assets/js/jquery.magnific-popup.min.js]
[templates.hibootstrap.com/jaunt/default/assets/js/jquery.filterizr.min.js]
[templates.hibootstrap.com/jaunt/default/assets/js/owl.carousel.min.js]
[templates.hibootstrap.com/jaunt/default/assets/js/meanmenu.min.js]
[templates.hibootstrap.com/jaunt/default/assets/js/form-validator.min.js]
[templates.hibootstrap.com/jaunt/default/assets/js/contact-form-script.js]
[templates.hibootstrap.com/jaunt/default/assets/js/jquery.ajaxchimp.min.js]
[templates.hibootstrap.com/jaunt/default/index-2.html]
[templates.hibootstrap.com/jaunt/default/assets/css/bootstrap.min.css]
[templates.hibootstrap.com/jaunt/default/assets/js/script.js]
[templates.hibootstrap.com/jaunt/default/assets/fonts/fa-brands-400.woff2]
[templates.hibootstrap.com/jaunt/default/assets/fonts/fa-brands-400.ttf]
[templates.hibootstrap.com/jaunt/default/assets/fonts/fa-regular-400.woff2]
[templates.hibootstrap.com/jaunt/default/assets/fonts/fa-regular-400.ttf]
[templates.hibootstrap.com/jaunt/default/assets/fonts/fa-solid-900.woff2]
[templates.hibootstrap.com/jaunt/default/assets/fonts/fa-solid-900.ttf]
[templates.hibootstrap.com/jaunt/default/assets/fonts/fa-v4compatibility.woff2]
[templates.hibootstrap.com/jaunt/default/assets/fonts/fa-v4compatibility.ttf]
[templates.hibootstrap.com/jaunt/default/assets/css/fontawesome.min.css]
[templates.hibootstrap.com/jaunt/default/assets/fonts/boxicons.woff2]
[templates.hibootstrap.com/jaunt/default/assets/fonts/boxicons.ttf]
[templates.hibootstrap.com/jaunt/default/assets/fonts/boxicons.woff]
[templates.hibootstrap.com/jaunt/default/assets/css/boxicons.min.css]
[templates.hibootstrap.com/jaunt/default/assets/css/animate.min.css]
[templates.hibootstrap.com/jaunt/default/assets/css/bootstrap-datepicker.min.css]
[templates.hibootstrap.com/jaunt/default/assets/css/nice-select.css]
[templates.hibootstrap.com/jaunt/default/assets/css/magnific-popup.min.css]
[templates.hibootstrap.com/jaunt/default/assets/css/owl.video.play.png]
[templates.hibootstrap.com/jaunt/default/assets/css/owl.carousel.min.css]
[templates.hibootstrap.com/jaunt/default/assets/css/meanmenu.min.css]
[templates.hibootstrap.com/jaunt/default/assets/img/banner/main-slider1.jpg]
[templates.hibootstrap.com/jaunt/default/assets/img/banner/main-slider2.jpg]
[templates.hibootstrap.com/jaunt/default/assets/fonts/boxiconsd41d.svg]
[templates.hibootstrap.com/jaunt/default/assets/img/banner/main-slider3.jpg]
[templates.hibootstrap.com/jaunt/default/assets/img/video-bg.jpg]
[templates.hibootstrap.com/jaunt/default/assets/img/video-bg2.jpg]
[templates.hibootstrap.com/jaunt/default/assets/fonts/boxicons.eot]
[templates.hibootstrap.com/jaunt/default/assets/css/style.css]
[templates.hibootstrap.com/jaunt/default/assets/css/responsive.css]
[templates.hibootstrap.com/jaunt/default/assets/img/night.png]
[templates.hibootstrap.com/jaunt/default/assets/img/sunny.png]
[templates.hibootstrap.com/jaunt/default/assets/css/theme-dark.css]
[templates.hibootstrap.com/jaunt/default/assets/img/banner/slider1.jpg]
[templates.hibootstrap.com/jaunt/default/assets/img/banner/slider2.jpg]
[templates.hibootstrap.com/jaunt/default/assets/img/banner/slider3.jpg]
[templates.hibootstrap.com/jaunt/default/assets/img/banner/slider4.jpg]
[templates.hibootstrap.com/jaunt/default/assets/img/about1.jpg]
[templates.hibootstrap.com/jaunt/default/assets/img/destination3.jpg]
[templates.hibootstrap.com/jaunt/default/assets/img/destination5.jpg]
[templates.hibootstrap.com/jaunt/default/assets/img/destination6.jpg]
[templates.hibootstrap.com/jaunt/default/assets/img/offer1.jpg]
[templates.hibootstrap.com/jaunt/default/assets/img/offer2.jpg]
[templates.hibootstrap.com/jaunt/default/assets/img/offer3.jpg]
[templates.hibootstrap.com/jaunt/default/assets/img/team/team1.jpg]
[templates.hibootstrap.com/jaunt/default/assets/img/team/team2.jpg]
[templates.hibootstrap.com/jaunt/default/assets/img/team/team3.jpg]
[templates.hibootstrap.com/jaunt/default/assets/img/team/team4.jpg]
[templates.hibootstrap.com/jaunt/default/assets/img/tour/tour1.jpg]
[templates.hibootstrap.com/jaunt/default/assets/img/tour/tour2.jpg]
[templates.hibootstrap.com/jaunt/default/assets/img/tour/tour3.jpg]
[templates.hibootstrap.com/jaunt/default/assets/img/tour/tour4.jpg]
[templates.hibootstrap.com/jaunt/default/assets/img/tour/tour5.jpg]
[templates.hibootstrap.com/jaunt/default/assets/img/blog/blog-lg1.jpg]
[templates.hibootstrap.com/jaunt/default/assets/img/blog/author1.jpg]
[templates.hibootstrap.com/jaunt/default/blog.html]
[templates.hibootstrap.com/jaunt/default/assets/img/blog/blog1.jpg]
[templates.hibootstrap.com/jaunt/default/assets/img/blog/author2.jpg]
[templates.hibootstrap.com/jaunt/default/assets/img/blog/author3.jpg]
[templates.hibootstrap.com/jaunt/default/assets/img/blog/blog3.jpg]
[templates.hibootstrap.com/jaunt/default/assets/img/blog/author4.jpg]
[templates.hibootstrap.com/jaunt/default/assets/img/blog/blog4.jpg]
[templates.hibootstrap.com/jaunt/default/assets/img/blog/author5.jpg]
[templates.hibootstrap.com/jaunt/default/index.html]
[templates.hibootstrap.com/jaunt/default/assets/img/page-title-area/cart.jpg]
[templates.hibootstrap.com/jaunt/default/assets/img/cart1.jpg]
[templates.hibootstrap.com/jaunt/default/assets/img/cart2.jpg]
[templates.hibootstrap.com/jaunt/default/category.html]
[templates.hibootstrap.com/jaunt/default/cart.html]
[templates.hibootstrap.com/jaunt/default/assets/img/shape3.png]
[templates.hibootstrap.com/jaunt/default/assets/img/shape4.png]
[templates.hibootstrap.com/jaunt/default/index-3.html]
[templates.hibootstrap.com/jaunt/default/assets/img/page-title-area/team.jpg]
[templates.hibootstrap.com/jaunt/default/assets/img/team/team5.jpg]
[templates.hibootstrap.com/jaunt/default/assets/img/team/team6.jpg]
[templates.hibootstrap.com/jaunt/default/assets/img/team/team7.jpg]
[templates.hibootstrap.com/jaunt/default/assets/img/team/team8.jpg]
[templates.hibootstrap.com/jaunt/default/team.html]
[templates.hibootstrap.com/jaunt/default/assets/img/page-title-area/testimonial.jpg]
[templates.hibootstrap.com/jaunt/default/testimonials.html]
[templates.hibootstrap.com/jaunt/default/assets/img/page-title-area/booking.jpg]
[templates.hibootstrap.com/jaunt/default/booking.html]
[templates.hibootstrap.com/jaunt/default/assets/img/page-title-area/faq.jpg]
[templates.hibootstrap.com/jaunt/default/faq.html]
[templates.hibootstrap.com/jaunt/default/assets/img/404.png]
[templates.hibootstrap.com/jaunt/default/error-404.html]
[templates.hibootstrap.com/jaunt/default/coming-soon.html]
[templates.hibootstrap.com/jaunt/default/assets/img/page-title-area/login.jpg]
[templates.hibootstrap.com/jaunt/default/forget-password.html]
[templates.hibootstrap.com/jaunt/default/login.html]
[templates.hibootstrap.com/jaunt/default/assets/img/page-title-area/register.jpg]
[templates.hibootstrap.com/jaunt/default/register.html]
[templates.hibootstrap.com/jaunt/default/assets/img/page-title-area/privacy.jpg]
[templates.hibootstrap.com/jaunt/default/assets/img/terms.jpg]
[templates.hibootstrap.com/jaunt/default/privacy-policy.html]
[templates.hibootstrap.com/jaunt/default/assets/img/page-title-area/terms.jpg]
[templates.hibootstrap.com/jaunt/default/terms-of-service.html]
[templates.hibootstrap.com/jaunt/default/assets/img/page-title-area/fotgot-password.jpg]
[templates.hibootstrap.com/jaunt/default/forgot-password.html]
[templates.hibootstrap.com/jaunt/default/assets/img/page-title-area/destinations.jpg]
[templates.hibootstrap.com/jaunt/default/destinations.html]
[templates.hibootstrap.com/jaunt/default/assets/img/page-title-area/destination-details.jpg]
[templates.hibootstrap.com/jaunt/default/assets/img/destination13.jpg]
[templates.hibootstrap.com/jaunt/default/assets/img/destination14.jpg]
[templates.hibootstrap.com/jaunt/default/assets/img/video-bg3.jpg]
[templates.hibootstrap.com/jaunt/default/destination-details.html]
[templates.hibootstrap.com/jaunt/default/assets/img/page-title-area/tour.jpg]
[templates.hibootstrap.com/jaunt/default/assets/img/tour/tour9.jpg]
[templates.hibootstrap.com/jaunt/default/assets/img/tour/tour10.jpg]
[templates.hibootstrap.com/jaunt/default/assets/img/tour/tour11.jpg]
[templates.hibootstrap.com/jaunt/default/assets/img/tour/tour12.jpg]
[templates.hibootstrap.com/jaunt/default/assets/img/tour/tour13.jpg]
[templates.hibootstrap.com/jaunt/default/assets/img/tour/tour14.jpg]
[templates.hibootstrap.com/jaunt/default/tours.html]
[templates.hibootstrap.com/jaunt/default/assets/img/page-title-area/offer.jpg]
[templates.hibootstrap.com/jaunt/default/assets/img/offer4.jpg]
[templates.hibootstrap.com/jaunt/default/assets/img/offer5.jpg]
[templates.hibootstrap.com/jaunt/default/assets/img/offer6.jpg]
[templates.hibootstrap.com/jaunt/default/special-offers.html]
[templates.hibootstrap.com/jaunt/default/assets/img/page-title-area/about.jpg]
[templates.hibootstrap.com/jaunt/default/about-us.html]
[templates.hibootstrap.com/jaunt/default/assets/img/page-title-area/blog-style1.jpg]
[templates.hibootstrap.com/jaunt/default/assets/img/blog/blog-lg2.jpg]
[templates.hibootstrap.com/jaunt/default/assets/img/blog/blog7.jpg]
[templates.hibootstrap.com/jaunt/default/assets/img/blog/blog8.jpg]
[templates.hibootstrap.com/jaunt/default/assets/img/blog/blog9.jpg]
[templates.hibootstrap.com/jaunt/default/assets/img/blog/blog10.jpg]
[templates.hibootstrap.com/jaunt/default/assets/img/blog/blog11.jpg]
[templates.hibootstrap.com/jaunt/default/assets/img/blog/blog12.jpg]
[templates.hibootstrap.com/jaunt/default/blog-style-1.html]
[templates.hibootstrap.com/jaunt/default/assets/img/page-title-area/blog-style2.jpg]
[templates.hibootstrap.com/jaunt/default/blog-style-2.html]
[templates.hibootstrap.com/jaunt/default/assets/img/page-title-area/blog-style3.jpg]
[templates.hibootstrap.com/jaunt/default/assets/img/blog/blog-lg3.jpg]
[templates.hibootstrap.com/jaunt/default/assets/img/blog/blog-lg4.jpg]
[templates.hibootstrap.com/jaunt/default/blog-style-3.html]
[templates.hibootstrap.com/jaunt/default/assets/img/page-title-area/blog-details.jpg]
[templates.hibootstrap.com/jaunt/default/assets/img/blog/blog-details1.jpg]
[templates.hibootstrap.com/jaunt/default/blog-details.html]
[templates.hibootstrap.com/jaunt/default/assets/img/page-title-area/contact.jpg]
[templates.hibootstrap.com/jaunt/default/terms-condition.html]
[templates.hibootstrap.com/jaunt/default/contact.html]
[templates.hibootstrap.com/jaunt/default/assets/fonts/boxiconsd41d.svg]
[templates.hibootstrap.com/jaunt/default/assets/css/owl.video.play.html]
[templates.hibootstrap.com/jaunt/default/blog.html]
[templates.hibootstrap.com/jaunt/default/category.html]
[templates.hibootstrap.com/jaunt/default/forget-password.html]
[templates.hibootstrap.com/jaunt/default/terms-condition.html]
